> Task :core:checkKotlinGradlePluginConfigurationErrors SKIPPED
> Task :application:checkKotlinGradlePluginConfigurationErrors SKIPPED
> Task :infrastructure:checkKotlinGradlePluginConfigurationErrors SKIPPED
> Task :api:checkKotlinGradlePluginConfigurationErrors SKIPPED
> Task :application:processResources NO-SOURCE
> Task :api:processResources UP-TO-DATE
> Task :infrastructure:processResources UP-TO-DATE
> Task :api:processTestResources NO-SOURCE
> Task :infrastructure:processTestFixturesResources UP-TO-DATE
> Task :infrastructure:processTestResources UP-TO-DATE
> Task :api:loadKtlintReporters UP-TO-DATE
> Task :infrastructure:loadKtlintReporters UP-TO-DATE
> Task :core:processResources NO-SOURCE
> Task :core:processTestFixturesResources NO-SOURCE
> Task :api:runKtlintCheckOverKotlinScripts UP-TO-DATE
> Task :infrastructure:runKtlintCheckOverKotlinScripts UP-TO-DATE
> Task :api:ktlintKotlinScriptCheck UP-TO-DATE
> Task :infrastructure:ktlintKotlinScriptCheck UP-TO-DATE
> Task :api:runKtlintCheckOverMainSourceSet UP-TO-DATE
> Task :infrastructure:runKtlintCheckOverMainSourceSet UP-TO-DATE
> Task :api:ktlintMainSourceSetCheck UP-TO-DATE
> Task :infrastructure:ktlintMainSourceSetCheck UP-TO-DATE
> Task :infrastructure:runKtlintCheckOverTestFixturesSourceSet UP-TO-DATE
> Task :api:runKtlintCheckOverTestSourceSet UP-TO-DATE
> Task :infrastructure:ktlintTestFixturesSourceSetCheck UP-TO-DATE
> Task :infrastructure:runKtlintCheckOverTestSourceSet UP-TO-DATE
> Task :core:processTestResources
> Task :core:loadKtlintReporters UP-TO-DATE
> Task :core:runKtlintCheckOverKotlinScripts UP-TO-DATE
> Task :core:ktlintKotlinScriptCheck UP-TO-DATE
> Task :core:runKtlintCheckOverTestFixturesSourceSet UP-TO-DATE
> Task :core:ktlintTestFixturesSourceSetCheck UP-TO-DATE
> Task :api:ktlintTestSourceSetCheck
> Task :api:ktlintCheck
> Task :infrastructure:ktlintTestSourceSetCheck
> Task :infrastructure:ktlintCheck
> Task :core:detekt
> Task :core:compileKotlin
> Task :core:compileJava NO-SOURCE
> Task :core:classes UP-TO-DATE
> Task :core:jar
> Task :core:compileTestFixturesKotlin
> Task :core:compileTestFixturesJava NO-SOURCE
> Task :core:testFixturesClasses UP-TO-DATE
> Task :core:testFixturesJar UP-TO-DATE
> Task :application:compileKotlin
> Task :application:compileJava NO-SOURCE
> Task :application:classes UP-TO-DATE
> Task :application:jar UP-TO-DATE
> Task :api:compileKotlin
> Task :api:compileJava NO-SOURCE
> Task :api:classes UP-TO-DATE
> Task :api:jar UP-TO-DATE
> Task :infrastructure:compileKotlin
> Task :infrastructure:compileJava NO-SOURCE
> Task :infrastructure:classes UP-TO-DATE
> Task :infrastructure:jar UP-TO-DATE
> Task :core:compileTestKotlin
> Task :core:compileTestJava NO-SOURCE
> Task :core:testClasses
> Task :infrastructure:compileTestFixturesKotlin
> Task :infrastructure:compileTestFixturesJava NO-SOURCE
> Task :infrastructure:testFixturesClasses UP-TO-DATE
> Task :infrastructure:testFixturesJar UP-TO-DATE
> Task :api:compileTestKotlin
> Task :api:compileTestJava NO-SOURCE
> Task :api:testClasses UP-TO-DATE
> Task :core:runKtlintCheckOverMainSourceSet
> Task :core:runKtlintCheckOverTestSourceSet
> Task :infrastructure:compileTestKotlin
> Task :infrastructure:compileTestJava NO-SOURCE
> Task :infrastructure:testClasses UP-TO-DATE
> Task :core:test
> Task :core:ktlintMainSourceSetCheck
> Task :core:ktlintTestSourceSetCheck
> Task :core:ktlintCheck
> Task :infrastructure:test
2026-09-12T15:35:23.276+09:00  INFO 97819 --- [easy-doc-api] [ionShutdownHook] o.s.boot.tomcat.GracefulShutdown         : Commencing graceful shutdown. Waiting for active requests to complete
2026-09-12T15:35:23.280+09:00  INFO 97819 --- [easy-doc-api] [tomcat-shutdown] o.s.boot.tomcat.GracefulShutdown         : Graceful shutdown complete
2026-09-12T15:35:23.282+09:00  INFO 97819 --- [easy-doc-api] [ionShutdownHook] com.zaxxer.hikari.HikariDataSource       : HikariPool-1 - Shutdown initiated...
2026-09-12T15:35:23.283+09:00  INFO 97819 --- [easy-doc-api] [ionShutdownHook] com.zaxxer.hikari.HikariDataSource       : HikariPool-1 - Shutdown completed.
> Task :api:test

[Incubating] Problems report is available at: file:///Users/harris/Development/private/easy-doc/backend-kotlin/build/reports/problems/problems-report.html

Deprecated Gradle features were used in this build, making it incompatible with Gradle 10.

You can use '--warning-mode all' to show the individual deprecation warnings and determine if they come from your own scripts or plugins.

For more on this, please refer to https://docs.gradle.org/9.1.0/userguide/command_line_interface.html#sec:command_line_warnings in the Gradle documentation.

BUILD SUCCESSFUL in 10s
49 actionable tasks: 21 executed, 28 up-to-date
