> Task :application:checkKotlinGradlePluginConfigurationErrors SKIPPED
> Task :core:checkKotlinGradlePluginConfigurationErrors SKIPPED
> Task :application:processResources NO-SOURCE
> Task :application:processTestResources NO-SOURCE
> Task :application:loadKtlintReporters UP-TO-DATE
> Task :application:runKtlintCheckOverKotlinScripts UP-TO-DATE
> Task :application:ktlintKotlinScriptCheck UP-TO-DATE
> Task :application:runKtlintCheckOverMainSourceSet UP-TO-DATE
> Task :application:ktlintMainSourceSetCheck UP-TO-DATE
> Task :core:processResources NO-SOURCE
> Task :core:processTestFixturesResources NO-SOURCE
> Task :core:processTestResources UP-TO-DATE
> Task :core:loadKtlintReporters UP-TO-DATE
> Task :core:runKtlintCheckOverKotlinScripts UP-TO-DATE
> Task :core:ktlintKotlinScriptCheck UP-TO-DATE
> Task :core:runKtlintCheckOverTestFixturesSourceSet UP-TO-DATE
> Task :core:ktlintTestFixturesSourceSetCheck UP-TO-DATE
> Task :core:detekt
> Task :core:compileKotlin
> Task :core:compileJava NO-SOURCE
> Task :core:classes UP-TO-DATE
> Task :core:jar
> Task :core:compileTestFixturesKotlin UP-TO-DATE
> Task :core:compileTestFixturesJava NO-SOURCE
> Task :core:testFixturesClasses UP-TO-DATE
> Task :core:testFixturesJar UP-TO-DATE
> Task :application:detekt
> Task :application:compileKotlin UP-TO-DATE
> Task :application:compileJava NO-SOURCE
> Task :application:classes UP-TO-DATE
> Task :application:jar UP-TO-DATE
> Task :core:compileTestKotlin
> Task :core:compileTestJava NO-SOURCE
> Task :core:testClasses UP-TO-DATE
> Task :application:compileTestKotlin
> Task :application:compileTestJava NO-SOURCE
> Task :application:testClasses UP-TO-DATE
> Task :application:runKtlintCheckOverTestSourceSet
> Task :core:runKtlintCheckOverMainSourceSet
> Task :core:runKtlintCheckOverTestSourceSet
> Task :application:test
> Task :application:ktlintTestSourceSetCheck UP-TO-DATE
> Task :application:ktlintCheck UP-TO-DATE
> Task :core:test
> Task :core:ktlintTestSourceSetCheck
> Task :core:ktlintMainSourceSetCheck
> Task :core:ktlintCheck

[Incubating] Problems report is available at: file:///Users/harris/Development/private/easy-doc/backend-kotlin/build/reports/problems/problems-report.html

Deprecated Gradle features were used in this build, making it incompatible with Gradle 10.

You can use '--warning-mode all' to show the individual deprecation warnings and determine if they come from your own scripts or plugins.

For more on this, please refer to https://docs.gradle.org/9.1.0/userguide/command_line_interface.html#sec:command_line_warnings in the Gradle documentation.

BUILD SUCCESSFUL in 4s
29 actionable tasks: 13 executed, 16 up-to-date
